openjdk version "21.0.11" 2026-04-21
OpenJDK Runtime Environment (build 21.0.11+10-1-24.04.2-Ubuntu)
OpenJDK 64-Bit Server VM (build 21.0.11+10-1-24.04.2-Ubuntu, mixed mode)
INFO  Using log config file: jar:file:/root/BN_JK-analysis/tools/BN_JK_12.1.3_PUBLIC/BN_JK/Framework/Generic/lib/Generic.jar!/generic.log4j.xml (LoggingInitialization)  
INFO  Using log file: /root/.config/BN_JK/BN_JK_12.1.3_PUBLIC/application.log (LoggingInitialization)  
INFO  Loading user preferences: /root/.config/BN_JK/BN_JK_12.1.3_PUBLIC/preferences (Preferences)  
INFO  Searching for classes... (ClassSearcher)  
INFO  Class search complete (718 ms) (ClassSearcher)  
INFO  Initializing SSL Context (DefaultSSLContextInitializer)  
INFO  Initializing Random Number Generator... (SecureRandomFactory)  
INFO  Random Number Generator initialization complete: NativePRNGNonBlocking (SecureRandomFactory)  
INFO  Trust manager disabled, cacerts have not been set (DefaultTrustManagerFactory)  
INFO  Headless startup complete (3126 ms) (AnalyzeHeadless)  
INFO  Class searcher loaded 59 extension points (20 false positives) (ClassSearcher)  
INFO  HEADLESS Script Paths:
    /root/BN_JK-analysis/tools/BN_JK_12.1.3_PUBLIC/BN_JK/Features/DecompilerDependent/BN_JK_scripts
    /root/BN_JK-analysis/tools/BN_JK_12.1.3_PUBLIC/BN_JK/Features/GnuDemangler/BN_JK_scripts
    /root/BN_JK-analysis/tools/BN_JK_12.1.3_PUBLIC/BN_JK/Features/BytePatterns/BN_JK_scripts
    /root/BN_JK-analysis/tools/BN_JK_12.1.3_PUBLIC/BN_JK/Features/VersionTracking/BN_JK_scripts
    /root/BN_JK-analysis/tools/BN_JK_12.1.3_PUBLIC/BN_JK/Features/MicrosoftCodeAnalyzer/BN_JK_scripts
    /root/BN_JK-analysis/tools/BN_JK_12.1.3_PUBLIC/BN_JK/Processors/8051/BN_JK_scripts
    /root/BN_JK-analysis/tools/BN_JK_12.1.3_PUBLIC/BN_JK/Debug/Debugger-rmi-trace/BN_JK_scripts
    /root/BN_JK-analysis/tools/BN_JK_12.1.3_PUBLIC/BN_JK/Features/Decompiler/BN_JK_scripts
    /root/BN_JK-analysis/tools/BN_JK_12.1.3_PUBLIC/BN_JK/Features/SystemEmulation/BN_JK_scripts
    /root/BN_JK-analysis/tools/BN_JK_12.1.3_PUBLIC/BN_JK/Features/PyBN_JK/BN_JK_scripts
    /root/BN_JK-analysis/scripts
    /root/BN_JK-analysis/tools/BN_JK_12.1.3_PUBLIC/BN_JK/Features/FileFormats/BN_JK_scripts
    /root/BN_JK-analysis/tools/BN_JK_12.1.3_PUBLIC/BN_JK/Features/FunctionID/BN_JK_scripts
    /root/BN_JK-analysis/tools/BN_JK_12.1.3_PUBLIC/BN_JK/Processors/Atmel/BN_JK_scripts
    /root/BN_JK-analysis/tools/BN_JK_12.1.3_PUBLIC/BN_JK/Processors/PIC/BN_JK_scripts
    /root/BN_JK-analysis/tools/BN_JK_12.1.3_PUBLIC/BN_JK/Processors/JVM/BN_JK_scripts
    /root/BN_JK-analysis/tools/BN_JK_12.1.3_PUBLIC/BN_JK/Features/Base/BN_JK_scripts
    /root/BN_JK-analysis/tools/BN_JK_12.1.3_PUBLIC/BN_JK/Features/SwiftDemangler/BN_JK_scripts
    /root/BN_JK-analysis/tools/BN_JK_12.1.3_PUBLIC/BN_JK/Debug/Debugger/BN_JK_scripts
    /root/BN_JK-analysis/tools/BN_JK_12.1.3_PUBLIC/BN_JK/Features/BSim/BN_JK_scripts
    /root/BN_JK-analysis/tools/BN_JK_12.1.3_PUBLIC/BN_JK/Processors/DATA/BN_JK_scripts
    /root/BN_JK-analysis/tools/BN_JK_12.1.3_PUBLIC/BN_JK/Features/WildcardAssembler/BN_JK_scripts
    /root/BN_JK-analysis/tools/BN_JK_12.1.3_PUBLIC/BN_JK/Features/PDB/BN_JK_scripts (HeadlessAnalyzer)  
INFO  HEADLESS: execution starts (HeadlessAnalyzer)  
INFO  Opening existing project: /root/BN_JK-analysis/projects/ZonaAppleGTASA (HeadlessAnalyzer)  
INFO  Opening project: /root/BN_JK-analysis/projects/ZonaAppleGTASA (HeadlessProject)  
INFO  REPORT: Processing project file: /gtasa (HeadlessAnalyzer)  
INFO  REPORT: Execute script: InspectPedFactories.java  (HeadlessAnalyzer)  
INFO  SCRIPT: /root/BN_JK-analysis/scripts/InspectPedFactories.java (HeadlessAnalyzer)  
INFO  InspectPedFactories.java> PED_FACTORIES_COMPLETE (BN_JKScript)  
INFO  REPORT: Save succeeded for processed file: /gtasa (HeadlessAnalyzer)  
